2026-05-15 22:01:35.713 WARNING streamlit.runtime.caching.cache_data_api: No runtime found, using MemoryCacheStorageManager
2026-05-15 22:01:35.715 WARNING streamlit.runtime.scriptrunner_utils.script_run_context: Thread 'MainThread': missing ScriptRunContext! This warning can be ignored when running in bare mode.
2026-05-15 22:01:35.715 WARNING streamlit.runtime.state.session_state_proxy: Session state does not function when running a script without `streamlit run`
2026-05-15 22:01:35.715 WARNING streamlit.runtime.scriptrunner_utils.script_run_context: Thread 'MainThread': missing ScriptRunContext! This warning can be ignored when running in bare mode.
2026-05-15 22:01:35.715 WARNING streamlit.runtime.scriptrunner_utils.script_run_context: Thread 'MainThread': missing ScriptRunContext! This warning can be ignored when running in bare mode.
2026-05-15 22:01:35.715 WARNING streamlit.runtime.scriptrunner_utils.script_run_context: Thread 'MainThread': missing ScriptRunContext! This warning can be ignored when running in bare mode.
2026-05-15 22:01:35.715 WARNING streamlit.runtime.scriptrunner_utils.script_run_context: Thread 'MainThread': missing ScriptRunContext! This warning can be ignored when running in bare mode.
2026-05-15 22:01:35.715 WARNING streamlit.runtime.scriptrunner_utils.script_run_context: Thread 'MainThread': missing ScriptRunContext! This warning can be ignored when running in bare mode.
2026-05-15 22:01:35.776 WARNING streamlit.runtime.scriptrunner_utils.script_run_context: Thread 'MainThread': missing ScriptRunContext! This warning can be ignored when running in bare mode.
2026-05-15 22:01:35.776 WARNING streamlit.runtime.scriptrunner_utils.script_run_context: Thread 'MainThread': missing ScriptRunContext! This warning can be ignored when running in bare mode.
2026-05-15 22:01:36.006 
  Warning: to view this Streamlit app on a browser, run it with the following
  command:

    streamlit run test_priority_update.py [ARGUMENTS]
2026-05-15 22:01:36.006 Thread 'MainThread': missing ScriptRunContext! This warning can be ignored when running in bare mode.
2026-05-15 22:01:36.006 Thread 'MainThread': missing ScriptRunContext! This warning can be ignored when running in bare mode.
2026-05-15 22:01:36.006 Thread 'MainThread': missing ScriptRunContext! This warning can be ignored when running in bare mode.
2026-05-15 22:01:36.006 Thread 'MainThread': missing ScriptRunContext! This warning can be ignored when running in bare mode.
2026-05-15 22:01:36.006 Thread 'MainThread': missing ScriptRunContext! This warning can be ignored when running in bare mode.
2026-05-15 22:01:36.006 Thread 'MainThread': missing ScriptRunContext! This warning can be ignored when running in bare mode.
2026-05-15 22:01:36.006 Thread 'MainThread': missing ScriptRunContext! This warning can be ignored when running in bare mode.
2026-05-15 22:01:36.006 Thread 'MainThread': missing ScriptRunContext! This warning can be ignored when running in bare mode.
2026-05-15 22:01:36.400 No runtime found, using MemoryCacheStorageManager
2026-05-15 22:01:36.747 Thread 'MainThread': missing ScriptRunContext! This warning can be ignored when running in bare mode.
2026-05-15 22:01:36.747 Thread 'MainThread': missing ScriptRunContext! This warning can be ignored when running in bare mode.
2026-05-15 22:01:36.747 Thread 'MainThread': missing ScriptRunContext! This warning can be ignored when running in bare mode.
2026-05-15 22:01:36.747 Thread 'MainThread': missing ScriptRunContext! This warning can be ignored when running in bare mode.
2026-05-15 22:01:36.747 Thread 'MainThread': missing ScriptRunContext! This warning can be ignored when running in bare mode.
2026-05-15 22:01:36.747 Thread 'MainThread': missing ScriptRunContext! This warning can be ignored when running in bare mode.
2026-05-15 22:01:36.747 Thread 'MainThread': missing ScriptRunContext! This warning can be ignored when running in bare mode.
2026-05-15 22:01:36.747 Thread 'MainThread': missing ScriptRunContext! This warning can be ignored when running in bare mode.
2026-05-15 22:01:36.747 Thread 'MainThread': missing ScriptRunContext! This warning can be ignored when running in bare mode.
2026-05-15 22:01:36.747 Thread 'MainThread': missing ScriptRunContext! This warning can be ignored when running in bare mode.
2026-05-15 22:01:36.747 Thread 'MainThread': missing ScriptRunContext! This warning can be ignored when running in bare mode.
2026-05-15 22:01:36.747 Thread 'MainThread': missing ScriptRunContext! This warning can be ignored when running in bare mode.
2026-05-15 22:01:36.747 Thread 'MainThread': missing ScriptRunContext! This warning can be ignored when running in bare mode.
2026-05-15 22:01:36.747 Thread 'MainThread': missing ScriptRunContext! This warning can be ignored when running in bare mode.
2026-05-15 22:01:36.747 Thread 'MainThread': missing ScriptRunContext! This warning can be ignored when running in bare mode.
2026-05-15 22:01:36.747 Thread 'MainThread': missing ScriptRunContext! This warning can be ignored when running in bare mode.
2026-05-15 22:01:36.747 Thread 'MainThread': missing ScriptRunContext! This warning can be ignored when running in bare mode.
2026-05-15 22:01:36.747 Thread 'MainThread': missing ScriptRunContext! This warning can be ignored when running in bare mode.
2026-05-15 22:01:36.747 Thread 'MainThread': missing ScriptRunContext! This warning can be ignored when running in bare mode.
2026-05-15 22:01:36.747 Thread 'MainThread': missing ScriptRunContext! This warning can be ignored when running in bare mode.
2026-05-15 22:01:36.747 Thread 'MainThread': missing ScriptRunContext! This warning can be ignored when running in bare mode.
2026-05-15 22:01:36.747 Thread 'MainThread': missing ScriptRunContext! This warning can be ignored when running in bare mode.
2026-05-15 22:01:36.747 Thread 'MainThread': missing ScriptRunContext! This warning can be ignored when running in bare mode.
2026-05-15 22:01:36.747 Thread 'MainThread': missing ScriptRunContext! This warning can be ignored when running in bare mode.
2026-05-15 22:01:36.747 Thread 'MainThread': missing ScriptRunContext! This warning can be ignored when running in bare mode.
2026-05-15 22:01:36.747 Thread 'MainThread': missing ScriptRunContext! This warning can be ignored when running in bare mode.
2026-05-15 22:01:36.747 Thread 'MainThread': missing ScriptRunContext! This warning can be ignored when running in bare mode.
2026-05-15 22:01:36.747 Thread 'MainThread': missing ScriptRunContext! This warning can be ignored when running in bare mode.
2026-05-15 22:01:36.747 Thread 'MainThread': missing ScriptRunContext! This warning can be ignored when running in bare mode.
2026-05-15 22:01:36.747 Thread 'MainThread': missing ScriptRunContext! This warning can be ignored when running in bare mode.
2026-05-15 22:01:36.747 Thread 'MainThread': missing ScriptRunContext! This warning can be ignored when running in bare mode.
2026-05-15 22:01:36.747 Thread 'MainThread': missing ScriptRunContext! This warning can be ignored when running in bare mode.
2026-05-15 22:01:36.747 Thread 'MainThread': missing ScriptRunContext! This warning can be ignored when running in bare mode.
2026-05-15 22:01:36.747 Thread 'MainThread': missing ScriptRunContext! This warning can be ignored when running in bare mode.
2026-05-15 22:01:36.747 Thread 'MainThread': missing ScriptRunContext! This warning can be ignored when running in bare mode.
2026-05-15 22:01:36.747 Thread 'MainThread': missing ScriptRunContext! This warning can be ignored when running in bare mode.
2026-05-15 22:01:36.747 Thread 'MainThread': missing ScriptRunContext! This warning can be ignored when running in bare mode.
2026-05-15 22:01:36.747 Thread 'MainThread': missing ScriptRunContext! This warning can be ignored when running in bare mode.
2026-05-15 22:01:36.747 Thread 'MainThread': missing ScriptRunContext! This warning can be ignored when running in bare mode.
2026-05-15 22:01:36.747 Thread 'MainThread': missing ScriptRunContext! This warning can be ignored when running in bare mode.
2026-05-15 22:01:36.747 Thread 'MainThread': missing ScriptRunContext! This warning can be ignored when running in bare mode.
2026-05-15 22:01:36.747 Thread 'MainThread': missing ScriptRunContext! This warning can be ignored when running in bare mode.
2026-05-15 22:01:36.747 Thread 'MainThread': missing ScriptRunContext! This warning can be ignored when running in bare mode.
2026-05-15 22:01:36.747 Thread 'MainThread': missing ScriptRunContext! This warning can be ignored when running in bare mode.
2026-05-15 22:01:36.747 Thread 'MainThread': missing ScriptRunContext! This warning can be ignored when running in bare mode.
2026-05-15 22:01:36.747 Thread 'MainThread': missing ScriptRunContext! This warning can be ignored when running in bare mode.
2026-05-15 22:01:36.747 Thread 'MainThread': missing ScriptRunContext! This warning can be ignored when running in bare mode.
2026-05-15 22:01:36.752 Thread 'MainThread': missing ScriptRunContext! This warning can be ignored when running in bare mode.
2026-05-15 22:01:36.752 Thread 'MainThread': missing ScriptRunContext! This warning can be ignored when running in bare mode.
2026-05-15 22:01:36.752 Thread 'MainThread': missing ScriptRunContext! This warning can be ignored when running in bare mode.
2026-05-15 22:01:36.752 Thread 'MainThread': missing ScriptRunContext! This warning can be ignored when running in bare mode.
2026-05-15 22:01:36.752 Thread 'MainThread': missing ScriptRunContext! This warning can be ignored when running in bare mode.
2026-05-15 22:01:36.752 Thread 'MainThread': missing ScriptRunContext! This warning can be ignored when running in bare mode.
2026-05-15 22:01:36.752 Thread 'MainThread': missing ScriptRunContext! This warning can be ignored when running in bare mode.
2026-05-15 22:01:36.752 Thread 'MainThread': missing ScriptRunContext! This warning can be ignored when running in bare mode.
2026-05-15 22:01:36.752 Thread 'MainThread': missing ScriptRunContext! This warning can be ignored when running in bare mode.
2026-05-15 22:01:36.753 Thread 'MainThread': missing ScriptRunContext! This warning can be ignored when running in bare mode.
2026-05-15 22:01:36.753 Thread 'MainThread': missing ScriptRunContext! This warning can be ignored when running in bare mode.
2026-05-15 22:01:36.753 Thread 'MainThread': missing ScriptRunContext! This warning can be ignored when running in bare mode.
2026-05-15 22:01:36.753 Thread 'MainThread': missing ScriptRunContext! This warning can be ignored when running in bare mode.
2026-05-15 22:01:36.753 Thread 'MainThread': missing ScriptRunContext! This warning can be ignored when running in bare mode.
2026-05-15 22:01:36.753 Thread 'MainThread': missing ScriptRunContext! This warning can be ignored when running in bare mode.
2026-05-15 22:01:36.753 Thread 'MainThread': missing ScriptRunContext! This warning can be ignored when running in bare mode.
2026-05-15 22:01:36.753 Thread 'MainThread': missing ScriptRunContext! This warning can be ignored when running in bare mode.
2026-05-15 22:01:36.753 Thread 'MainThread': missing ScriptRunContext! This warning can be ignored when running in bare mode.
2026-05-15 22:01:36.753 Thread 'MainThread': missing ScriptRunContext! This warning can be ignored when running in bare mode.
2026-05-15 22:01:36.753 Thread 'MainThread': missing ScriptRunContext! This warning can be ignored when running in bare mode.
2026-05-15 22:01:36.753 Thread 'MainThread': missing ScriptRunContext! This warning can be ignored when running in bare mode.
2026-05-15 22:01:36.753 Thread 'MainThread': missing ScriptRunContext! This warning can be ignored when running in bare mode.
2026-05-15 22:01:36.753 Thread 'MainThread': missing ScriptRunContext! This warning can be ignored when running in bare mode.
2026-05-15 22:01:36.753 Thread 'MainThread': missing ScriptRunContext! This warning can be ignored when running in bare mode.
2026-05-15 22:01:36.753 Thread 'MainThread': missing ScriptRunContext! This warning can be ignored when running in bare mode.
2026-05-15 22:01:36.753 Thread 'MainThread': missing ScriptRunContext! This warning can be ignored when running in bare mode.
2026-05-15 22:01:36.753 Thread 'MainThread': missing ScriptRunContext! This warning can be ignored when running in bare mode.
2026-05-15 22:01:36.753 Thread 'MainThread': missing ScriptRunContext! This warning can be ignored when running in bare mode.
2026-05-15 22:01:36.753 Thread 'MainThread': missing ScriptRunContext! This warning can be ignored when running in bare mode.
2026-05-15 22:01:36.809 Thread 'MainThread': missing ScriptRunContext! This warning can be ignored when running in bare mode.
2026-05-15 22:01:36.809 Thread 'MainThread': missing ScriptRunContext! This warning can be ignored when running in bare mode.
2026-05-15 22:01:36.809 Thread 'MainThread': missing ScriptRunContext! This warning can be ignored when running in bare mode.
2026-05-15 22:01:36.809 Thread 'MainThread': missing ScriptRunContext! This warning can be ignored when running in bare mode.
2026-05-15 22:01:36.809 Thread 'MainThread': missing ScriptRunContext! This warning can be ignored when running in bare mode.
2026-05-15 22:01:36.809 Thread 'MainThread': missing ScriptRunContext! This warning can be ignored when running in bare mode.
2026-05-15 22:01:36.820 Thread 'MainThread': missing ScriptRunContext! This warning can be ignored when running in bare mode.
2026-05-15 22:01:36.820 Thread 'MainThread': missing ScriptRunContext! This warning can be ignored when running in bare mode.
2026-05-15 22:01:36.820 Thread 'MainThread': missing ScriptRunContext! This warning can be ignored when running in bare mode.
2026-05-15 22:01:36.820 Thread 'MainThread': missing ScriptRunContext! This warning can be ignored when running in bare mode.
2026-05-15 22:01:36.820 Thread 'MainThread': missing ScriptRunContext! This warning can be ignored when running in bare mode.
2026-05-15 22:01:36.820 Thread 'MainThread': missing ScriptRunContext! This warning can be ignored when running in bare mode.
2026-05-15 22:01:36.820 Thread 'MainThread': missing ScriptRunContext! This warning can be ignored when running in bare mode.
2026-05-15 22:01:36.820 Thread 'MainThread': missing ScriptRunContext! This warning can be ignored when running in bare mode.
2026-05-15 22:01:36.820 Thread 'MainThread': missing ScriptRunContext! This warning can be ignored when running in bare mode.
2026-05-15 22:01:36.820 Thread 'MainThread': missing ScriptRunContext! This warning can be ignored when running in bare mode.
2026-05-15 22:01:36.820 Thread 'MainThread': missing ScriptRunContext! This warning can be ignored when running in bare mode.
2026-05-15 22:01:36.820 Thread 'MainThread': missing ScriptRunContext! This warning can be ignored when running in bare mode.
2026-05-15 22:01:36.820 Thread 'MainThread': missing ScriptRunContext! This warning can be ignored when running in bare mode.
2026-05-15 22:01:36.820 Thread 'MainThread': missing ScriptRunContext! This warning can be ignored when running in bare mode.
2026-05-15 22:01:36.820 Thread 'MainThread': missing ScriptRunContext! This warning can be ignored when running in bare mode.
2026-05-15 22:01:36.820 Thread 'MainThread': missing ScriptRunContext! This warning can be ignored when running in bare mode.
2026-05-15 22:01:36.820 Thread 'MainThread': missing ScriptRunContext! This warning can be ignored when running in bare mode.
2026-05-15 22:01:36.820 Thread 'MainThread': missing ScriptRunContext! This warning can be ignored when running in bare mode.
2026-05-15 22:01:36.820 Thread 'MainThread': missing ScriptRunContext! This warning can be ignored when running in bare mode.
2026-05-15 22:01:36.820 Thread 'MainThread': missing ScriptRunContext! This warning can be ignored when running in bare mode.
2026-05-15 22:01:36.820 Thread 'MainThread': missing ScriptRunContext! This warning can be ignored when running in bare mode.
2026-05-15 22:01:36.820 Thread 'MainThread': missing ScriptRunContext! This warning can be ignored when running in bare mode.
2026-05-15 22:01:36.820 Thread 'MainThread': missing ScriptRunContext! This warning can be ignored when running in bare mode.
2026-05-15 22:01:36.820 Thread 'MainThread': missing ScriptRunContext! This warning can be ignored when running in bare mode.
2026-05-15 22:01:36.820 Thread 'MainThread': missing ScriptRunContext! This warning can be ignored when running in bare mode.
2026-05-15 22:01:36.820 Thread 'MainThread': missing ScriptRunContext! This warning can be ignored when running in bare mode.
2026-05-15 22:01:36.820 Thread 'MainThread': missing ScriptRunContext! This warning can be ignored when running in bare mode.
2026-05-15 22:01:36.820 Thread 'MainThread': missing ScriptRunContext! This warning can be ignored when running in bare mode.
2026-05-15 22:01:36.820 Thread 'MainThread': missing ScriptRunContext! This warning can be ignored when running in bare mode.
2026-05-15 22:01:36.820 Thread 'MainThread': missing ScriptRunContext! This warning can be ignored when running in bare mode.
2026-05-15 22:01:36.820 Thread 'MainThread': missing ScriptRunContext! This warning can be ignored when running in bare mode.
2026-05-15 22:01:36.820 Thread 'MainThread': missing ScriptRunContext! This warning can be ignored when running in bare mode.
2026-05-15 22:01:36.820 Thread 'MainThread': missing ScriptRunContext! This warning can be ignored when running in bare mode.
2026-05-15 22:01:36.820 Thread 'MainThread': missing ScriptRunContext! This warning can be ignored when running in bare mode.
2026-05-15 22:01:36.820 Thread 'MainThread': missing ScriptRunContext! This warning can be ignored when running in bare mode.
2026-05-15 22:01:36.820 Thread 'MainThread': missing ScriptRunContext! This warning can be ignored when running in bare mode.
2026-05-15 22:01:36.820 Thread 'MainThread': missing ScriptRunContext! This warning can be ignored when running in bare mode.
2026-05-15 22:01:36.820 Thread 'MainThread': missing ScriptRunContext! This warning can be ignored when running in bare mode.
2026-05-15 22:01:36.820 Thread 'MainThread': missing ScriptRunContext! This warning can be ignored when running in bare mode.
2026-05-15 22:01:36.820 Thread 'MainThread': missing ScriptRunContext! This warning can be ignored when running in bare mode.
2026-05-15 22:01:36.820 Thread 'MainThread': missing ScriptRunContext! This warning can be ignored when running in bare mode.
2026-05-15 22:01:36.820 Thread 'MainThread': missing ScriptRunContext! This warning can be ignored when running in bare mode.
2026-05-15 22:01:36.820 Thread 'MainThread': missing ScriptRunContext! This warning can be ignored when running in bare mode.
2026-05-15 22:01:36.820 Thread 'MainThread': missing ScriptRunContext! This warning can be ignored when running in bare mode.
2026-05-15 22:01:36.820 Thread 'MainThread': missing ScriptRunContext! This warning can be ignored when running in bare mode.
2026-05-15 22:01:36.820 Thread 'MainThread': missing ScriptRunContext! This warning can be ignored when running in bare mode.
2026-05-15 22:01:36.820 Thread 'MainThread': missing ScriptRunContext! This warning can be ignored when running in bare mode.
2026-05-15 22:01:36.820 Thread 'MainThread': missing ScriptRunContext! This warning can be ignored when running in bare mode.
2026-05-15 22:01:36.820 Thread 'MainThread': missing ScriptRunContext! This warning can be ignored when running in bare mode.
2026-05-15 22:01:36.820 Thread 'MainThread': missing ScriptRunContext! This warning can be ignored when running in bare mode.
2026-05-15 22:01:36.820 Thread 'MainThread': missing ScriptRunContext! This warning can be ignored when running in bare mode.
2026-05-15 22:01:36.820 Thread 'MainThread': missing ScriptRunContext! This warning can be ignored when running in bare mode.
2026-05-15 22:01:36.820 Thread 'MainThread': missing ScriptRunContext! This warning can be ignored when running in bare mode.
2026-05-15 22:01:36.820 Thread 'MainThread': missing ScriptRunContext! This warning can be ignored when running in bare mode.
2026-05-15 22:01:36.820 Thread 'MainThread': missing ScriptRunContext! This warning can be ignored when running in bare mode.
2026-05-15 22:01:36.820 Thread 'MainThread': missing ScriptRunContext! This warning can be ignored when running in bare mode.
2026-05-15 22:01:36.834 Thread 'MainThread': missing ScriptRunContext! This warning can be ignored when running in bare mode.
2026-05-15 22:01:36.834 Thread 'MainThread': missing ScriptRunContext! This warning can be ignored when running in bare mode.
2026-05-15 22:01:36.834 Thread 'MainThread': missing ScriptRunContext! This warning can be ignored when running in bare mode.
2026-05-15 22:01:36.834 Thread 'MainThread': missing ScriptRunContext! This warning can be ignored when running in bare mode.
2026-05-15 22:01:36.834 Thread 'MainThread': missing ScriptRunContext! This warning can be ignored when running in bare mode.
2026-05-15 22:01:36.834 Thread 'MainThread': missing ScriptRunContext! This warning can be ignored when running in bare mode.
2026-05-15 22:01:36.834 Thread 'MainThread': missing ScriptRunContext! This warning can be ignored when running in bare mode.
2026-05-15 22:01:36.834 Thread 'MainThread': missing ScriptRunContext! This warning can be ignored when running in bare mode.
2026-05-15 22:01:36.834 Thread 'MainThread': missing ScriptRunContext! This warning can be ignored when running in bare mode.
2026-05-15 22:01:36.834 Thread 'MainThread': missing ScriptRunContext! This warning can be ignored when running in bare mode.
2026-05-15 22:01:36.834 Thread 'MainThread': missing ScriptRunContext! This warning can be ignored when running in bare mode.
2026-05-15 22:01:36.834 Thread 'MainThread': missing ScriptRunContext! This warning can be ignored when running in bare mode.
2026-05-15 22:01:36.834 Thread 'MainThread': missing ScriptRunContext! This warning can be ignored when running in bare mode.
2026-05-15 22:01:36.834 Thread 'MainThread': missing ScriptRunContext! This warning can be ignored when running in bare mode.
2026-05-15 22:01:36.834 Thread 'MainThread': missing ScriptRunContext! This warning can be ignored when running in bare mode.
2026-05-15 22:01:36.834 Thread 'MainThread': missing ScriptRunContext! This warning can be ignored when running in bare mode.
2026-05-15 22:01:36.834 Thread 'MainThread': missing ScriptRunContext! This warning can be ignored when running in bare mode.
2026-05-15 22:01:36.834 Thread 'MainThread': missing ScriptRunContext! This warning can be ignored when running in bare mode.
2026-05-15 22:01:36.834 Thread 'MainThread': missing ScriptRunContext! This warning can be ignored when running in bare mode.
2026-05-15 22:01:36.834 Thread 'MainThread': missing ScriptRunContext! This warning can be ignored when running in bare mode.
2026-05-15 22:01:36.834 Thread 'MainThread': missing ScriptRunContext! This warning can be ignored when running in bare mode.
2026-05-15 22:01:36.834 Thread 'MainThread': missing ScriptRunContext! This warning can be ignored when running in bare mode.
2026-05-15 22:01:36.834 Thread 'MainThread': missing ScriptRunContext! This warning can be ignored when running in bare mode.
2026-05-15 22:01:36.834 Thread 'MainThread': missing ScriptRunContext! This warning can be ignored when running in bare mode.
2026-05-15 22:01:36.834 Thread 'MainThread': missing ScriptRunContext! This warning can be ignored when running in bare mode.
2026-05-15 22:01:36.834 Thread 'MainThread': missing ScriptRunContext! This warning can be ignored when running in bare mode.
2026-05-15 22:01:36.834 Thread 'MainThread': missing ScriptRunContext! This warning can be ignored when running in bare mode.
2026-05-15 22:01:36.834 Thread 'MainThread': missing ScriptRunContext! This warning can be ignored when running in bare mode.
2026-05-15 22:01:36.834 Thread 'MainThread': missing ScriptRunContext! This warning can be ignored when running in bare mode.
2026-05-15 22:01:36.834 Thread 'MainThread': missing ScriptRunContext! This warning can be ignored when running in bare mode.
2026-05-15 22:01:36.834 Thread 'MainThread': missing ScriptRunContext! This warning can be ignored when running in bare mode.
2026-05-15 22:01:36.834 Thread 'MainThread': missing ScriptRunContext! This warning can be ignored when running in bare mode.
2026-05-15 22:01:36.834 Thread 'MainThread': missing ScriptRunContext! This warning can be ignored when running in bare mode.
2026-05-15 22:01:36.834 Thread 'MainThread': missing ScriptRunContext! This warning can be ignored when running in bare mode.
2026-05-15 22:01:36.834 Thread 'MainThread': missing ScriptRunContext! This warning can be ignored when running in bare mode.
2026-05-15 22:01:36.834 Thread 'MainThread': missing ScriptRunContext! This warning can be ignored when running in bare mode.
2026-05-15 22:01:36.834 Thread 'MainThread': missing ScriptRunContext! This warning can be ignored when running in bare mode.
2026-05-15 22:01:36.834 Thread 'MainThread': missing ScriptRunContext! This warning can be ignored when running in bare mode.
2026-05-15 22:01:36.834 Thread 'MainThread': missing ScriptRunContext! This warning can be ignored when running in bare mode.
2026-05-15 22:01:36.834 Thread 'MainThread': missing ScriptRunContext! This warning can be ignored when running in bare mode.
2026-05-15 22:01:36.834 Thread 'MainThread': missing ScriptRunContext! This warning can be ignored when running in bare mode.
2026-05-15 22:01:36.834 Thread 'MainThread': missing ScriptRunContext! This warning can be ignored when running in bare mode.
2026-05-15 22:01:36.834 Thread 'MainThread': missing ScriptRunContext! This warning can be ignored when running in bare mode.
2026-05-15 22:01:36.834 Thread 'MainThread': missing ScriptRunContext! This warning can be ignored when running in bare mode.
2026-05-15 22:01:36.834 Thread 'MainThread': missing ScriptRunContext! This warning can be ignored when running in bare mode.
2026-05-15 22:01:36.834 Thread 'MainThread': missing ScriptRunContext! This warning can be ignored when running in bare mode.
2026-05-15 22:01:36.834 Thread 'MainThread': missing ScriptRunContext! This warning can be ignored when running in bare mode.
2026-05-15 22:01:36.834 Thread 'MainThread': missing ScriptRunContext! This warning can be ignored when running in bare mode.
2026-05-15 22:01:36.834 Thread 'MainThread': missing ScriptRunContext! This warning can be ignored when running in bare mode.
2026-05-15 22:01:36.834 Thread 'MainThread': missing ScriptRunContext! This warning can be ignored when running in bare mode.
2026-05-15 22:01:36.834 Thread 'MainThread': missing ScriptRunContext! This warning can be ignored when running in bare mode.
2026-05-15 22:01:36.834 Thread 'MainThread': missing ScriptRunContext! This warning can be ignored when running in bare mode.
2026-05-15 22:01:36.834 Thread 'MainThread': missing ScriptRunContext! This warning can be ignored when running in bare mode.
2026-05-15 22:01:36.834 Thread 'MainThread': missing ScriptRunContext! This warning can be ignored when running in bare mode.
2026-05-15 22:01:36.834 Thread 'MainThread': missing ScriptRunContext! This warning can be ignored when running in bare mode.
2026-05-15 22:01:36.834 Thread 'MainThread': missing ScriptRunContext! This warning can be ignored when running in bare mode.
2026-05-15 22:01:36.834 Thread 'MainThread': missing ScriptRunContext! This warning can be ignored when running in bare mode.
2026-05-15 22:01:36.834 Thread 'MainThread': missing ScriptRunContext! This warning can be ignored when running in bare mode.
2026-05-15 22:01:36.836 Thread 'MainThread': missing ScriptRunContext! This warning can be ignored when running in bare mode.
2026-05-15 22:01:36.836 Thread 'MainThread': missing ScriptRunContext! This warning can be ignored when running in bare mode.
2026-05-15 22:01:36.836 Thread 'MainThread': missing ScriptRunContext! This warning can be ignored when running in bare mode.
2026-05-15 22:01:36.836 Thread 'MainThread': missing ScriptRunContext! This warning can be ignored when running in bare mode.
2026-05-15 22:01:36.836 Thread 'MainThread': missing ScriptRunContext! This warning can be ignored when running in bare mode.
2026-05-15 22:01:36.836 Thread 'MainThread': missing ScriptRunContext! This warning can be ignored when running in bare mode.
2026-05-15 22:01:36.836 Thread 'MainThread': missing ScriptRunContext! This warning can be ignored when running in bare mode.
2026-05-15 22:01:36.836 Thread 'MainThread': missing ScriptRunContext! This warning can be ignored when running in bare mode.
2026-05-15 22:01:36.836 Thread 'MainThread': missing ScriptRunContext! This warning can be ignored when running in bare mode.
2026-05-15 22:01:36.836 Thread 'MainThread': missing ScriptRunContext! This warning can be ignored when running in bare mode.
2026-05-15 22:01:36.836 Thread 'MainThread': missing ScriptRunContext! This warning can be ignored when running in bare mode.
2026-05-15 22:01:36.837 Thread 'MainThread': missing ScriptRunContext! This warning can be ignored when running in bare mode.
2026-05-15 22:01:36.837 Thread 'MainThread': missing ScriptRunContext! This warning can be ignored when running in bare mode.
2026-05-15 22:01:36.837 Thread 'MainThread': missing ScriptRunContext! This warning can be ignored when running in bare mode.
2026-05-15 22:01:36.837 Thread 'MainThread': missing ScriptRunContext! This warning can be ignored when running in bare mode.
2026-05-15 22:01:36.837 Thread 'MainThread': missing ScriptRunContext! This warning can be ignored when running in bare mode.
2026-05-15 22:01:36.837 Thread 'MainThread': missing ScriptRunContext! This warning can be ignored when running in bare mode.
2026-05-15 22:01:36.837 Thread 'MainThread': missing ScriptRunContext! This warning can be ignored when running in bare mode.
2026-05-15 22:01:36.837 Thread 'MainThread': missing ScriptRunContext! This warning can be ignored when running in bare mode.
2026-05-15 22:01:36.837 Thread 'MainThread': missing ScriptRunContext! This warning can be ignored when running in bare mode.
2026-05-15 22:01:36.837 Thread 'MainThread': missing ScriptRunContext! This warning can be ignored when running in bare mode.
2026-05-15 22:01:36.837 Thread 'MainThread': missing ScriptRunContext! This warning can be ignored when running in bare mode.
2026-05-15 22:01:36.837 Thread 'MainThread': missing ScriptRunContext! This warning can be ignored when running in bare mode.
2026-05-15 22:01:36.837 Thread 'MainThread': missing ScriptRunContext! This warning can be ignored when running in bare mode.
2026-05-15 22:01:36.837 Thread 'MainThread': missing ScriptRunContext! This warning can be ignored when running in bare mode.
2026-05-15 22:01:36.837 Thread 'MainThread': missing ScriptRunContext! This warning can be ignored when running in bare mode.
2026-05-15 22:01:36.837 Thread 'MainThread': missing ScriptRunContext! This warning can be ignored when running in bare mode.
2026-05-15 22:01:36.837 Thread 'MainThread': missing ScriptRunContext! This warning can be ignored when running in bare mode.
2026-05-15 22:01:36.837 Thread 'MainThread': missing ScriptRunContext! This warning can be ignored when running in bare mode.
2026-05-15 22:01:36.837 Thread 'MainThread': missing ScriptRunContext! This warning can be ignored when running in bare mode.
2026-05-15 22:01:36.837 Thread 'MainThread': missing ScriptRunContext! This warning can be ignored when running in bare mode.
2026-05-15 22:01:36.837 Thread 'MainThread': missing ScriptRunContext! This warning can be ignored when running in bare mode.
2026-05-15 22:01:36.837 Thread 'MainThread': missing ScriptRunContext! This warning can be ignored when running in bare mode.
2026-05-15 22:01:36.837 Thread 'MainThread': missing ScriptRunContext! This warning can be ignored when running in bare mode.
2026-05-15 22:01:36.837 Thread 'MainThread': missing ScriptRunContext! This warning can be ignored when running in bare mode.
2026-05-15 22:01:36.837 Thread 'MainThread': missing ScriptRunContext! This warning can be ignored when running in bare mode.
2026-05-15 22:01:36.837 Thread 'MainThread': missing ScriptRunContext! This warning can be ignored when running in bare mode.
2026-05-15 22:01:36.837 Thread 'MainThread': missing ScriptRunContext! This warning can be ignored when running in bare mode.
2026-05-15 22:01:36.837 Thread 'MainThread': missing ScriptRunContext! This warning can be ignored when running in bare mode.
2026-05-15 22:01:36.837 Thread 'MainThread': missing ScriptRunContext! This warning can be ignored when running in bare mode.
2026-05-15 22:01:36.837 Thread 'MainThread': missing ScriptRunContext! This warning can be ignored when running in bare mode.
2026-05-15 22:01:36.837 Thread 'MainThread': missing ScriptRunContext! This warning can be ignored when running in bare mode.
2026-05-15 22:01:36.837 Thread 'MainThread': missing ScriptRunContext! This warning can be ignored when running in bare mode.
2026-05-15 22:01:36.837 Thread 'MainThread': missing ScriptRunContext! This warning can be ignored when running in bare mode.
2026-05-15 22:01:36.837 Thread 'MainThread': missing ScriptRunContext! This warning can be ignored when running in bare mode.
2026-05-15 22:01:36.837 Thread 'MainThread': missing ScriptRunContext! This warning can be ignored when running in bare mode.
2026-05-15 22:01:36.837 Thread 'MainThread': missing ScriptRunContext! This warning can be ignored when running in bare mode.
2026-05-15 22:01:36.837 Thread 'MainThread': missing ScriptRunContext! This warning can be ignored when running in bare mode.
2026-05-15 22:01:36.837 Thread 'MainThread': missing ScriptRunContext! This warning can be ignored when running in bare mode.
2026-05-15 22:01:36.837 Thread 'MainThread': missing ScriptRunContext! This warning can be ignored when running in bare mode.
2026-05-15 22:01:36.837 Thread 'MainThread': missing ScriptRunContext! This warning can be ignored when running in bare mode.
2026-05-15 22:01:36.837 Thread 'MainThread': missing ScriptRunContext! This warning can be ignored when running in bare mode.
2026-05-15 22:01:36.837 Thread 'MainThread': missing ScriptRunContext! This warning can be ignored when running in bare mode.
2026-05-15 22:01:36.837 Thread 'MainThread': missing ScriptRunContext! This warning can be ignored when running in bare mode.
2026-05-15 22:01:36.837 Thread 'MainThread': missing ScriptRunContext! This warning can be ignored when running in bare mode.
2026-05-15 22:01:36.837 Thread 'MainThread': missing ScriptRunContext! This warning can be ignored when running in bare mode.
2026-05-15 22:01:36.837 Thread 'MainThread': missing ScriptRunContext! This warning can be ignored when running in bare mode.
2026-05-15 22:01:36.837 Thread 'MainThread': missing ScriptRunContext! This warning can be ignored when running in bare mode.
2026-05-15 22:01:36.837 Thread 'MainThread': missing ScriptRunContext! This warning can be ignored when running in bare mode.
2026-05-15 22:01:36.837 Thread 'MainThread': missing ScriptRunContext! This warning can be ignored when running in bare mode.
2026-05-15 22:01:36.837 Thread 'MainThread': missing ScriptRunContext! This warning can be ignored when running in bare mode.
2026-05-15 22:01:36.837 Thread 'MainThread': missing ScriptRunContext! This warning can be ignored when running in bare mode.
2026-05-15 22:01:36.837 Thread 'MainThread': missing ScriptRunContext! This warning can be ignored when running in bare mode.
2026-05-15 22:01:36.837 Thread 'MainThread': missing ScriptRunContext! This warning can be ignored when running in bare mode.
2026-05-15 22:01:36.837 Thread 'MainThread': missing ScriptRunContext! This warning can be ignored when running in bare mode.
2026-05-15 22:01:36.837 Thread 'MainThread': missing ScriptRunContext! This warning can be ignored when running in bare mode.
2026-05-15 22:01:36.837 Thread 'MainThread': missing ScriptRunContext! This warning can be ignored when running in bare mode.
2026-05-15 22:01:36.837 Thread 'MainThread': missing ScriptRunContext! This warning can be ignored when running in bare mode.
2026-05-15 22:01:36.837 Thread 'MainThread': missing ScriptRunContext! This warning can be ignored when running in bare mode.
2026-05-15 22:01:36.837 Thread 'MainThread': missing ScriptRunContext! This warning can be ignored when running in bare mode.
2026-05-15 22:01:36.837 Thread 'MainThread': missing ScriptRunContext! This warning can be ignored when running in bare mode.
2026-05-15 22:01:36.837 Thread 'MainThread': missing ScriptRunContext! This warning can be ignored when running in bare mode.
2026-05-15 22:01:36.837 Thread 'MainThread': missing ScriptRunContext! This warning can be ignored when running in bare mode.
2026-05-15 22:01:36.837 Thread 'MainThread': missing ScriptRunContext! This warning can be ignored when running in bare mode.
2026-05-15 22:01:36.837 Thread 'MainThread': missing ScriptRunContext! This warning can be ignored when running in bare mode.
2026-05-15 22:01:36.837 Thread 'MainThread': missing ScriptRunContext! This warning can be ignored when running in bare mode.
2026-05-15 22:01:36.837 Thread 'MainThread': missing ScriptRunContext! This warning can be ignored when running in bare mode.
2026-05-15 22:01:36.837 Thread 'MainThread': missing ScriptRunContext! This warning can be ignored when running in bare mode.
Traceback (most recent call last):
  File "C:\dbx-study-app\test_priority_update.py", line 4, in <module>
    questions = app.load_questions(r'C:\dbx-study-app\data\DBx_Questions.xlsx')
TypeError: load_questions() missing 1 required positional argument: 'sheet_name'
